
> consultorio-daniella-maia@0.0.0 build
> vite build

[36mvite v5.4.21 [32mbuilding for production...[36m[39m
transforming...
[32m✓[39m 1826 modules transformed.
rendering chunks...
computing gzip size...
[2mdist/[22m[32mindex.html                 [39m[1m[2m  0.92 kB[22m[1m[22m[2m │ gzip:  0.51 kB[22m
[2mdist/[22m[35massets/index-IvkP4Sjk.css  [39m[1m[2m 17.09 kB[22m[1m[22m[2m │ gzip:  3.86 kB[22m
[2mdist/[22m[36massets/index-Cw9cCQdh.js   [39m[1m[2m269.71 kB[22m[1m[22m[2m │ gzip: 86.69 kB[22m
[32m✓ built in 14.14s[39m
